---
source: src/layout_fun.rs
expression: "LayoutFun::multi_line_cost(LayoutFun::text(\"foo\", config), config).to_vec()"
---
[
    (
        0,
        Layout {
            layout_expr: Text(
                "foo",
            ),
            span: 3,
            height: 1,
            cost: 0,
            cost_gradient: 0,
        },
    ),
    (
        2,
        Layout {
            layout_expr: Text(
                "foo",
            ),
            span: 3,
            height: 1,
            cost: 0,
            cost_gradient: 100,
        },
    ),
]
